// Jest Snapshot v1, https://goo.gl/fbAQLP

exports[`<Input /> should render Input component 1`] = `
{
  "asFragment": [Function],
  "baseElement": <body>
    <div>
      <div
        class="grid gap-1"
      >
        <label
          class="w-full text-start text-sm font-bold font-sans text-white-blur p-1"
          for="Nome"
        >
          Nome do prato
        </label>
        <input
          class="w-full rounded p-3"
          id="Nome"
          placeholder="Prato"
          type="text"
        />
        <p
          class="w-full text-start text-sm text-white p-1"
        >
          Mensagem de erro
        </p>
      </div>
    </div>
  </body>,
  "container": <div>
    <div
      class="grid gap-1"
    >
      <label
        class="w-full text-start text-sm font-bold font-sans text-white-blur p-1"
        for="Nome"
      >
        Nome do prato
      </label>
      <input
        class="w-full rounded p-3"
        id="Nome"
        placeholder="Prato"
        type="text"
      />
      <p
        class="w-full text-start text-sm text-white p-1"
      >
        Mensagem de erro
      </p>
    </div>
  </div>,
  "debug": [Function],
  "findAllByAltText": [Function],
  "findAllByDisplayValue": [Function],
  "findAllByLabelText": [Function],
  "findAllByPlaceholderText": [Function],
  "findAllByRole": [Function],
  "findAllByTestId": [Function],
  "findAllByText": [Function],
  "findAllByTitle": [Function],
  "findByAltText": [Function],
  "findByDisplayValue": [Function],
  "findByLabelText": [Function],
  "findByPlaceholderText": [Function],
  "findByRole": [Function],
  "findByTestId": [Function],
  "findByText": [Function],
  "findByTitle": [Function],
  "getAllByAltText": [Function],
  "getAllByDisplayValue": [Function],
  "getAllByLabelText": [Function],
  "getAllByPlaceholderText": [Function],
  "getAllByRole": [Function],
  "getAllByTestId": [Function],
  "getAllByText": [Function],
  "getAllByTitle": [Function],
  "getByAltText": [Function],
  "getByDisplayValue": [Function],
  "getByLabelText": [Function],
  "getByPlaceholderText": [Function],
  "getByRole": [Function],
  "getByTestId": [Function],
  "getByText": [Function],
  "getByTitle": [Function],
  "queryAllByAltText": [Function],
  "queryAllByDisplayValue": [Function],
  "queryAllByLabelText": [Function],
  "queryAllByPlaceholderText": [Function],
  "queryAllByRole": [Function],
  "queryAllByTestId": [Function],
  "queryAllByText": [Function],
  "queryAllByTitle": [Function],
  "queryByAltText": [Function],
  "queryByDisplayValue": [Function],
  "queryByLabelText": [Function],
  "queryByPlaceholderText": [Function],
  "queryByRole": [Function],
  "queryByTestId": [Function],
  "queryByText": [Function],
  "queryByTitle": [Function],
  "rerender": [Function],
  "unmount": [Function],
}
`;
