// Jest Snapshot v1, https://goo.gl/fbAQLP

exports[`<ArrowBack /> should render ArrowBack component 1`] = `
{
  "asFragment": [Function],
  "baseElement": <body>
    <div>
      <div>
        <svg
          aria-label="retornar"
          fill="none"
          height="32"
          viewBox="0 0 512 512"
          width="32"
          xmlns="https://www.w3.org/2000/svg"
        >
          <polygon
            fill="#ffffff"
            points="352,128.4 319.7,96 160,256 160,256 160,256 319.7,416 352,383.6 224.7,256 "
          />
        </svg>
      </div>
    </div>
  </body>,
  "container": <div>
    <div>
      <svg
        aria-label="retornar"
        fill="none"
        height="32"
        viewBox="0 0 512 512"
        width="32"
        xmlns="https://www.w3.org/2000/svg"
      >
        <polygon
          fill="#ffffff"
          points="352,128.4 319.7,96 160,256 160,256 160,256 319.7,416 352,383.6 224.7,256 "
        />
      </svg>
    </div>
  </div>,
  "debug": [Function],
  "findAllByAltText": [Function],
  "findAllByDisplayValue": [Function],
  "findAllByLabelText": [Function],
  "findAllByPlaceholderText": [Function],
  "findAllByRole": [Function],
  "findAllByTestId": [Function],
  "findAllByText": [Function],
  "findAllByTitle": [Function],
  "findByAltText": [Function],
  "findByDisplayValue": [Function],
  "findByLabelText": [Function],
  "findByPlaceholderText": [Function],
  "findByRole": [Function],
  "findByTestId": [Function],
  "findByText": [Function],
  "findByTitle": [Function],
  "getAllByAltText": [Function],
  "getAllByDisplayValue": [Function],
  "getAllByLabelText": [Function],
  "getAllByPlaceholderText": [Function],
  "getAllByRole": [Function],
  "getAllByTestId": [Function],
  "getAllByText": [Function],
  "getAllByTitle": [Function],
  "getByAltText": [Function],
  "getByDisplayValue": [Function],
  "getByLabelText": [Function],
  "getByPlaceholderText": [Function],
  "getByRole": [Function],
  "getByTestId": [Function],
  "getByText": [Function],
  "getByTitle": [Function],
  "queryAllByAltText": [Function],
  "queryAllByDisplayValue": [Function],
  "queryAllByLabelText": [Function],
  "queryAllByPlaceholderText": [Function],
  "queryAllByRole": [Function],
  "queryAllByTestId": [Function],
  "queryAllByText": [Function],
  "queryAllByTitle": [Function],
  "queryByAltText": [Function],
  "queryByDisplayValue": [Function],
  "queryByLabelText": [Function],
  "queryByPlaceholderText": [Function],
  "queryByRole": [Function],
  "queryByTestId": [Function],
  "queryByText": [Function],
  "queryByTitle": [Function],
  "rerender": [Function],
  "unmount": [Function],
}
`;
