// Jest Snapshot v1, https://goo.gl/fbAQLP

exports[`<ItemDescription /> should render ItemDescription component 1`] = `
{
  "asFragment": [Function],
  "baseElement": <body>
    <div>
      <div
        class="bg-gray-dark p-5 rounded-md text-white border-l-6 border-yellow inline-grid grid-cols-3 gap-2"
      >
        <p
          class="font-bold col-span-2"
        >
          X Bacon
        </p>
        <p
          class="col-start-3 font-bold text-end"
        >
          R$
           
          20,50
        </p>
        <p
          class="col-span-3 font-light"
        >
          Cat ipsum dolor sit amet, caticus cuteicus bathe private parts with tongue then lick
        </p>
      </div>
    </div>
  </body>,
  "container": <div>
    <div
      class="bg-gray-dark p-5 rounded-md text-white border-l-6 border-yellow inline-grid grid-cols-3 gap-2"
    >
      <p
        class="font-bold col-span-2"
      >
        X Bacon
      </p>
      <p
        class="col-start-3 font-bold text-end"
      >
        R$
         
        20,50
      </p>
      <p
        class="col-span-3 font-light"
      >
        Cat ipsum dolor sit amet, caticus cuteicus bathe private parts with tongue then lick
      </p>
    </div>
  </div>,
  "debug": [Function],
  "findAllByAltText": [Function],
  "findAllByDisplayValue": [Function],
  "findAllByLabelText": [Function],
  "findAllByPlaceholderText": [Function],
  "findAllByRole": [Function],
  "findAllByTestId": [Function],
  "findAllByText": [Function],
  "findAllByTitle": [Function],
  "findByAltText": [Function],
  "findByDisplayValue": [Function],
  "findByLabelText": [Function],
  "findByPlaceholderText": [Function],
  "findByRole": [Function],
  "findByTestId": [Function],
  "findByText": [Function],
  "findByTitle": [Function],
  "getAllByAltText": [Function],
  "getAllByDisplayValue": [Function],
  "getAllByLabelText": [Function],
  "getAllByPlaceholderText": [Function],
  "getAllByRole": [Function],
  "getAllByTestId": [Function],
  "getAllByText": [Function],
  "getAllByTitle": [Function],
  "getByAltText": [Function],
  "getByDisplayValue": [Function],
  "getByLabelText": [Function],
  "getByPlaceholderText": [Function],
  "getByRole": [Function],
  "getByTestId": [Function],
  "getByText": [Function],
  "getByTitle": [Function],
  "queryAllByAltText": [Function],
  "queryAllByDisplayValue": [Function],
  "queryAllByLabelText": [Function],
  "queryAllByPlaceholderText": [Function],
  "queryAllByRole": [Function],
  "queryAllByTestId": [Function],
  "queryAllByText": [Function],
  "queryAllByTitle": [Function],
  "queryByAltText": [Function],
  "queryByDisplayValue": [Function],
  "queryByLabelText": [Function],
  "queryByPlaceholderText": [Function],
  "queryByRole": [Function],
  "queryByTestId": [Function],
  "queryByText": [Function],
  "queryByTitle": [Function],
  "rerender": [Function],
  "unmount": [Function],
}
`;
